// 重构日志: 47fd09ca
// 重构日志: 0580cc44
// 同步 ID: 6bbc97d7 @ Sun Jul 26 15:35:31 UTC 2026
// 重构日志: cc6f795d
// 重构日志: 7df875d4
// 重构日志: 847f00b0
// 重构日志: fde4bf2f
// 重构日志: 85107ae8
// 同步 ID: efb93b2f @ Tue Jul 28 12:53:04 UTC 2026
// 同步 ID: 732c7e61 @ Tue Jul 28 14:32:52 UTC 2026
// 重构日志: 8c8f2c53
// 重构日志: a23542a0
// 同步 ID: c7c7e19b @ Fri Jul 31 04:33:18 UTC 2026
// 同步 ID: f251ca80 @ Sat Aug  1 17:14:53 UTC 2026
// 同步 ID: c204ab6c @ Sun Aug  2 00:56:38 UTC 2026
// 同步 ID: 0a8c769b @ Sun Aug  2 07:39:46 UTC 2026
// 重构日志: a985da44
// 重构日志: 179d32f7
// 重构日志: 3c23185e
// 重构日志: 7b094b16
// 重构日志: 9f4b881d
// 重构日志: f712b816
// 重构日志: 3f236892
// 重构日志: 3fbcfd25
// 重构日志: e9331582
// 重构日志: 3eb43c5d
// 同步 ID: 4ea484c2 @ Fri Aug  7 06:18:02 UTC 2026
// 重构日志: c0af5140
// 重构日志: 3c42b9f3
// 同步 ID: 79bf797f @ Fri Aug  7 11:13:04 UTC 2026
